--------------------------------------------------------------------------------------
Timing Analyzer Summary
--------------------------------------------------------------------------------------

Type           : Worst-case tco
Slack          : N/A
Required Time  : None
Actual Time    : 6.000 ns
From           : lpm_counter0:inst|lpm_counter:lpm_counter_component|cntr_upj:auto_generated|safe_q[0]
To             : clk_out
From Clock     : clk_in
To Clock       : --
Failed Paths   : 0

Type           : Clock Setup: 'clk_in'
Slack          : N/A
Required Time  : None
Actual Time    : Restricted to 500.00 MHz ( period = 2.000 ns )
From           : lpm_counter0:inst|lpm_counter:lpm_counter_component|cntr_upj:auto_generated|safe_q[0]
To             : lpm_counter0:inst|lpm_counter:lpm_counter_component|cntr_upj:auto_generated|safe_q[0]
From Clock     : clk_in
To Clock       : clk_in
Failed Paths   : 0

Type           : Total number of failed paths
Slack          : 
Required Time  : 
Actual Time    : 
From           : 
To             : 
From Clock     : 
To Clock       : 
Failed Paths   : 0

--------------------------------------------------------------------------------------

