--------------------------------------------------------------------------------------
Timing Analyzer Summary
--------------------------------------------------------------------------------------

Type           : Worst-case tco
Slack          : N/A
Required Time  : None
Actual Time    : 12.692 ns
From           : Sin:inst7|lpm_rom_sin:inst1|altsyncram:altsyncram_component|altsyncram_7o71:auto_generated|q_a[1]
To             : FSK_out[1]
From Clock     : clk_in
To Clock       : --
Failed Paths   : 0

Type           : Clock Setup: 'start'
Slack          : N/A
Required Time  : None
Actual Time    : 492.13 MHz ( period = 2.032 ns )
From           : Sin:inst4|lpm_rom_sin:inst1|altsyncram:altsyncram_component|altsyncram_7o71:auto_generated|ram_block1a0~porta_address_reg2
To             : Sin:inst4|lpm_rom_sin:inst1|altsyncram:altsyncram_component|altsyncram_7o71:auto_generated|q_a[7]
From Clock     : start
To Clock       : start
Failed Paths   : 0

Type           : Clock Setup: 'clk_in'
Slack          : N/A
Required Time  : None
Actual Time    : 492.13 MHz ( period = 2.032 ns )
From           : Sin:inst4|lpm_rom_sin:inst1|altsyncram:altsyncram_component|altsyncram_7o71:auto_generated|ram_block1a0~porta_address_reg2
To             : Sin:inst4|lpm_rom_sin:inst1|altsyncram:altsyncram_component|altsyncram_7o71:auto_generated|q_a[7]
From Clock     : clk_in
To Clock       : clk_in
Failed Paths   : 0

Type           : Total number of failed paths
Slack          : 
Required Time  : 
Actual Time    : 
From           : 
To             : 
From Clock     : 
To Clock       : 
Failed Paths   : 0

--------------------------------------------------------------------------------------

